Archive member included to satisfy reference by file (symbol)

c:/program files (x86)/atmel/studio/7.0/toolchain/arm/arm-gnu-toolchain/bin/../lib/gcc/arm-none-eabi/6.3.1/thumb/v6-m\libgcc.a(_udivsi3.o)
                              hpl/core/hpl_core_m0plus_base.o (__aeabi_uidiv)
c:/program files (x86)/atmel/studio/7.0/toolchain/arm/arm-gnu-toolchain/bin/../lib/gcc/arm-none-eabi/6.3.1/thumb/v6-m\libgcc.a(_dvmd_tls.o)
                              c:/program files (x86)/atmel/studio/7.0/toolchain/arm/arm-gnu-toolchain/bin/../lib/gcc/arm-none-eabi/6.3.1/thumb/v6-m\libgcc.a(_udivsi3.o) (__aeabi_idiv0)
c:/program files (x86)/atmel/studio/7.0/toolchain/arm/arm-gnu-toolchain/bin/../lib/gcc/arm-none-eabi/6.3.1/thumb/v6-m\libgcc.a(_aeabi_uldivmod.o)
                              hpl/sercom/hpl_sercom.o (__aeabi_uldivmod)
c:/program files (x86)/atmel/studio/7.0/toolchain/arm/arm-gnu-toolchain/bin/../lib/gcc/arm-none-eabi/6.3.1/thumb/v6-m\libgcc.a(_muldi3.o)
                              hpl/sercom/hpl_sercom.o (__aeabi_lmul)
c:/program files (x86)/atmel/studio/7.0/toolchain/arm/arm-gnu-toolchain/bin/../lib/gcc/arm-none-eabi/6.3.1/thumb/v6-m\libgcc.a(_fixunsdfsi.o)
                              hpl/sercom/hpl_sercom.o (__aeabi_d2uiz)
c:/program files (x86)/atmel/studio/7.0/toolchain/arm/arm-gnu-toolchain/bin/../lib/gcc/arm-none-eabi/6.3.1/thumb/v6-m\libgcc.a(_udivmoddi4.o)
                              c:/program files (x86)/atmel/studio/7.0/toolchain/arm/arm-gnu-toolchain/bin/../lib/gcc/arm-none-eabi/6.3.1/thumb/v6-m\libgcc.a(_aeabi_uldivmod.o) (__udivmoddi4)
c:/program files (x86)/atmel/studio/7.0/toolchain/arm/arm-gnu-toolchain/bin/../lib/gcc/arm-none-eabi/6.3.1/thumb/v6-m\libgcc.a(mulsf3.o)
                              temperature_sensor/at30tse75x/at30tse75x.o (__aeabi_fmul)
c:/program files (x86)/atmel/studio/7.0/toolchain/arm/arm-gnu-toolchain/bin/../lib/gcc/arm-none-eabi/6.3.1/thumb/v6-m\libgcc.a(subsf3.o)
                              temperature_sensor/mcp980x/mcp980x.o (__aeabi_fsub)
c:/program files (x86)/atmel/studio/7.0/toolchain/arm/arm-gnu-toolchain/bin/../lib/gcc/arm-none-eabi/6.3.1/thumb/v6-m\libgcc.a(fixsfsi.o)
                              main.o (__aeabi_f2iz)
c:/program files (x86)/atmel/studio/7.0/toolchain/arm/arm-gnu-toolchain/bin/../lib/gcc/arm-none-eabi/6.3.1/thumb/v6-m\libgcc.a(floatsisf.o)
                              temperature_sensor/at30tse75x/at30tse75x.o (__aeabi_i2f)
c:/program files (x86)/atmel/studio/7.0/toolchain/arm/arm-gnu-toolchain/bin/../lib/gcc/arm-none-eabi/6.3.1/thumb/v6-m\libgcc.a(floatunsisf.o)
                              temperature_sensor/at30tse75x/at30tse75x.o (__aeabi_ui2f)
c:/program files (x86)/atmel/studio/7.0/toolchain/arm/arm-gnu-toolchain/bin/../lib/gcc/arm-none-eabi/6.3.1/thumb/v6-m\libgcc.a(divdf3.o)
                              hpl/sercom/hpl_sercom.o (__aeabi_ddiv)
c:/program files (x86)/atmel/studio/7.0/toolchain/arm/arm-gnu-toolchain/bin/../lib/gcc/arm-none-eabi/6.3.1/thumb/v6-m\libgcc.a(muldf3.o)
                              hpl/sercom/hpl_sercom.o (__aeabi_dmul)
c:/program files (x86)/atmel/studio/7.0/toolchain/arm/arm-gnu-toolchain/bin/../lib/gcc/arm-none-eabi/6.3.1/thumb/v6-m\libgcc.a(subdf3.o)
                              hpl/sercom/hpl_sercom.o (__aeabi_dsub)
c:/program files (x86)/atmel/studio/7.0/toolchain/arm/arm-gnu-toolchain/bin/../lib/gcc/arm-none-eabi/6.3.1/thumb/v6-m\libgcc.a(fixdfsi.o)
                              c:/program files (x86)/atmel/studio/7.0/toolchain/arm/arm-gnu-toolchain/bin/../lib/gcc/arm-none-eabi/6.3.1/thumb/v6-m\libgcc.a(_fixunsdfsi.o) (__aeabi_d2iz)
c:/program files (x86)/atmel/studio/7.0/toolchain/arm/arm-gnu-toolchain/bin/../lib/gcc/arm-none-eabi/6.3.1/thumb/v6-m\libgcc.a(floatsidf.o)
                              hpl/sercom/hpl_sercom.o (__aeabi_i2d)
c:/program files (x86)/atmel/studio/7.0/toolchain/arm/arm-gnu-toolchain/bin/../lib/gcc/arm-none-eabi/6.3.1/thumb/v6-m\libgcc.a(floatunsidf.o)
                              hpl/sercom/hpl_sercom.o (__aeabi_ui2d)
c:/program files (x86)/atmel/studio/7.0/toolchain/arm/arm-gnu-toolchain/bin/../lib/gcc/arm-none-eabi/6.3.1/thumb/v6-m\libgcc.a(extendsfdf2.o)
                              temperature_sensor/at30tse75x/at30tse75x.o (__aeabi_f2d)
c:/program files (x86)/atmel/studio/7.0/toolchain/arm/arm-gnu-toolchain/bin/../lib/gcc/arm-none-eabi/6.3.1/thumb/v6-m\libgcc.a(truncdfsf2.o)
                              temperature_sensor/at30tse75x/at30tse75x.o (__aeabi_d2f)
c:/program files (x86)/atmel/studio/7.0/toolchain/arm/arm-gnu-toolchain/bin/../lib/gcc/arm-none-eabi/6.3.1/thumb/v6-m\libgcc.a(_arm_cmpdf2.o)
                              c:/program files (x86)/atmel/studio/7.0/toolchain/arm/arm-gnu-toolchain/bin/../lib/gcc/arm-none-eabi/6.3.1/thumb/v6-m\libgcc.a(_fixunsdfsi.o) (__aeabi_dcmpge)
c:/program files (x86)/atmel/studio/7.0/toolchain/arm/arm-gnu-toolchain/bin/../lib/gcc/arm-none-eabi/6.3.1/thumb/v6-m\libgcc.a(_clzsi2.o)
[...]
Memory Configuration

Name             Origin             Length             Attributes
rom              0x00000000         0x00040000         xr
ram              0x20000000         0x00008000         xrw
lpram            0x30000000         0x00002000         xrw
*default*        0x00000000         0xffffffff

Linker script and memory map

LOAD c:/program files (x86)/atmel/studio/7.0/toolchain/arm/arm-gnu-toolchain/bin/../lib/gcc/arm-none-eabi/6.3.1/thumb/v6-m/crti.o
LOAD c:/program files (x86)/atmel/studio/7.0/toolchain/arm/arm-gnu-toolchain/bin/../lib/gcc/arm-none-eabi/6.3.1/thumb/v6-m/crtbegin.o
LOAD c:/program files (x86)/atmel/studio/7.0/toolchain/arm/arm-gnu-toolchain/bin/../lib/gcc/arm-none-eabi/6.3.1/../../../../arm-none-eabi/lib/thumb/v6-m/crt0.o
LOAD atmel_start.o
LOAD Device_Startup/startup_saml21.o
LOAD Device_Startup/system_saml21.o
LOAD driver_init.o
LOAD examples/driver_examples.o
LOAD hal/src/hal_atomic.o
LOAD hal/src/hal_delay.o
LOAD hal/src/hal_gpio.o
LOAD hal/src/hal_i2c_m_sync.o
LOAD hal/src/hal_init.o
LOAD hal/src/hal_io.o
LOAD hal/src/hal_sleep.o
LOAD hal/src/hal_timer.o
LOAD hal/utils/src/utils_assert.o
LOAD hal/utils/src/utils_event.o
LOAD hal/utils/src/utils_list.o
LOAD hal/utils/src/utils_syscalls.o
LOAD hpl/core/hpl_core_m0plus_base.o
LOAD hpl/core/hpl_init.o
LOAD hpl/dmac/hpl_dmac.o
LOAD hpl/gclk/hpl_gclk.o
LOAD hpl/mclk/hpl_mclk.o
LOAD hpl/osc32kctrl/hpl_osc32kctrl.o
LOAD hpl/oscctrl/hpl_oscctrl.o
LOAD hpl/pm/hpl_pm.o
LOAD hpl/sercom/hpl_sercom.o
LOAD hpl/tc/hpl_tc.o
LOAD main.o
LOAD memory/fm24cl16b/fm24cl16b.o
LOAD memory/memory.o
LOAD memory_main.o
LOAD temperature_sensor/at30tse75x/at30tse75x.o
LOAD temperature_sensor/mcp980x/mcp980x.o
LOAD temperature_sensor/temperature_sensor.o
LOAD temperature_sensor_main.o
START GROUP
LOAD c:/program files (x86)/atmel/studio/7.0/toolchain/arm/arm-gnu-toolchain/bin/../lib/gcc/arm-none-eabi/6.3.1/../../../../arm-none-eabi/lib/thumb/v6-m\libm.a
END GROUP
START GROUP
LOAD c:/program files (x86)/atmel/studio/7.0/toolchain/arm/arm-gnu-toolchain/bin/../lib/gcc/arm-none-eabi/6.3.1/thumb/v6-m\libgcc.a
LOAD c:/program files (x86)/atmel/studio/7.0/toolchain/arm/arm-gnu-toolchain/bin/../lib/gcc/arm-none-eabi/6.3.1/../../../../arm-none-eabi/lib/thumb/v6-m\libc_nano.a
END GROUP
START GROUP
LOAD c:/program files (x86)/atmel/studio/7.0/toolchain/arm/arm-gnu-toolchain/bin/../lib/gcc/arm-none-eabi/6.3.1/thumb/v6-m\libgcc.a
LOAD c:/program files (x86)/atmel/studio/7.0/toolchain/arm/arm-gnu-toolchain/bin/../lib/gcc/arm-none-eabi/6.3.1/../../../../arm-none-eabi/lib/thumb/v6-m\libc_nano.a
END GROUP
LOAD c:/program files (x86)/atmel/studio/7.0/toolchain/arm/arm-gnu-toolchain/bin/../lib/gcc/arm-none-eabi/6.3.1/thumb/v6-m/crtend.o
LOAD c:/program files (x86)/atmel/studio/7.0/toolchain/arm/arm-gnu-toolchain/bin/../lib/gcc/arm-none-eabi/6.3.1/thumb/v6-m/crtn.o
                0x00002000                STACK_SIZE = DEFINED (STACK_SIZE)?STACK_SIZE:DEFINED (__stack_size__)?__stack_size__:0x2000

.text           0x00000000     0x4480
                0x00000000                . = ALIGN (0x4)
                0x00000000                _sfixed = .
 *(.vectors .vectors.*)
 .vectors       0x00000000       0xb4 Device_Startup/startup_saml21.o
                0x00000000                exception_table
 *(.text .text.* .gnu.linkonce.t.*)
 .text          0x000000b4       0x60 c:/program files (x86)/atmel/studio/7.0/toolchain/arm/arm-gnu-toolchain/bin/../lib/gcc/arm-none-eabi/6.3.1/thumb/v6-m/crtbegin.o
 .text.atmel_start_init
                0x00000114       0x14 atmel_start.o
                0x00000114                atmel_start_init
 .text.Reset_Handler
                0x00000128       0x94 Device_Startup/startup_saml21.o
                0x00000128                Reset_Handler
 .text.Dummy_Handler
                0x000001bc        0x6 Device_Startup/startup_saml21.o
                0x000001bc                SVCall_Handler
                0x000001bc                DMAC_Handler
                0x000001bc                TRNG_Handler
                0x000001bc                HardFault_Handler
                0x000001bc                AC_Handler
                0x000001bc                SysTick_Handler
                0x000001bc                PendSV_Handler
                0x000001bc                SERCOM1_Handler
                0x000001bc                ADC_Handler
                0x000001bc                NonMaskableInt_Handler
                0x000001bc                TCC1_Handler
                0x000001bc                SERCOM2_Handler
                0x000001bc                TCC0_Handler
                0x000001bc                RTC_Handler
                0x000001bc                EIC_Handler
                0x000001bc                WDT_Handler
                0x000001bc                TC4_Handler
                0x000001bc                TC1_Handler
                0x000001bc                USB_Handler
                0x000001bc                Dummy_Handler
                0x000001bc                SERCOM5_Handler
                0x000001bc                TCC2_Handler
                0x000001bc                EVSYS_Handler
                0x000001bc                SERCOM3_Handler
                0x000001bc                SERCOM4_Handler
                0x000001bc                NVMCTRL_Handler
                0x000001bc                SYSTEM_Handler
                0x000001bc                SERCOM0_Handler
                0x000001bc                DAC_Handler
                0x000001bc                PTC_Handler
                0x000001bc                AES_Handler
 .text.hri_gclk_write_PCHCTRL_reg
                0x000001c2       0x2a driver_init.o
 .text.hri_mclk_set_APBCMASK_SERCOM3_bit
                0x000001ec       0x1c driver_init.o
 .text.hri_mclk_set_APBCMASK_TC0_bit
                0x00000208       0x1e driver_init.o
 .text.hri_port_clear_DIR_reg
                0x00000226       0x2c driver_init.o
 .text.hri_port_set_OUT_reg
                0x00000252       0x2c driver_init.o
 .text.hri_port_clear_OUT_reg
                0x0000027e       0x2c driver_init.o
 .text.hri_port_write_PMUX_PMUXE_bf
                0x000002aa       0x88 driver_init.o
 .text.hri_port_write_PMUX_PMUXO_bf
                0x00000332       0x86 driver_init.o
 .text.hri_port_write_PINCFG_PMUXEN_bit
                0x000003b8       0x82 driver_init.o
 .text.hri_port_set_PINCFG_PULLEN_bit
                0x0000043a       0x56 driver_init.o
 .text.hri_port_clear_PINCFG_PULLEN_bit
                0x00000490       0x56 driver_init.o
 *fill*         0x000004e6        0x2 
 .text._gpio_set_pin_pull_mode
                0x000004e8       0xf4 driver_init.o
 .text._gpio_set_pin_function
                0x000005dc       0xb4 driver_init.o
 .text.gpio_set_pin_pull_mode
                0x00000690       0x3c driver_init.o
 .text.gpio_set_pin_function
                0x000006cc       0x24 driver_init.o
 .text.init_mcu
                0x000006f0       0x14 driver_init.o
 .text.I2C_0_PORT_init
                0x00000704       0x40 driver_init.o
                0x00000704                I2C_0_PORT_init
 .text.I2C_0_CLOCK_init
                0x00000744       0x3c driver_init.o
                0x00000744                I2C_0_CLOCK_init
 .text.I2C_0_init
                0x00000780       0x34 driver_init.o
                0x00000780                I2C_0_init
 .text.TIMER_0_init
                0x000007b4       0x50 driver_init.o
 .text.system_init
                0x00000804       0x24 driver_init.o
                0x00000804                system_init
 .text.delay_ms
                0x00000828       0x38 hal/src/hal_delay.o
                0x00000828                delay_ms
 .text.i2c_m_sync_read
                0x00000860       0x68 hal/src/hal_i2c_m_sync.o
 .text.i2c_m_sync_write
                0x000008c8       0x68 hal/src/hal_i2c_m_sync.o
 .text.i2c_m_sync_init
                0x00000930       0x60 hal/src/hal_i2c_m_sync.o
                0x00000930                i2c_m_sync_init
 .text.i2c_m_sync_enable
                0x00000990       0x20 hal/src/hal_i2c_m_sync.o
                0x00000990                i2c_m_sync_enable
 .text.i2c_m_sync_set_slaveaddr
                0x000009b0       0x40 hal/src/hal_i2c_m_sync.o
                0x000009b0                i2c_m_sync_set_slaveaddr
 .text.io_write
                0x000009f0       0x54 hal/src/hal_io.o
                0x000009f0                io_write
 .text.io_read  0x00000a44       0x54 hal/src/hal_io.o
                0x00000a44                io_read
 .text.list_get_head
                0x00000a98       0x14 hal/src/hal_timer.o
 .text.list_get_next_element
                0x00000aac       0x1e hal/src/hal_timer.o
 *fill*         0x00000aca        0x2 
 .text.timer_init
                0x00000acc       0x64 hal/src/hal_timer.o
                0x00000acc                timer_init
 .text.timer_add_timer_task
                0x00000b30       0xc4 hal/src/hal_timer.o
 .text.timer_process_counted
                0x00000bf4       0xc4 hal/src/hal_timer.o
 .text.assert   0x00000cb8       0x2c hal/utils/src/utils_assert.o
                0x00000cb8                assert
 .text.is_list_element
                0x00000ce4       0x34 hal/utils/src/utils_list.o
                0x00000ce4                is_list_element
 .text.list_insert_as_head
                0x00000d18       0x58 hal/utils/src/utils_list.o
                0x00000d18                list_insert_as_head
 .text.list_insert_after
                0x00000d70       0x20 hal/utils/src/utils_list.o
                0x00000d70                list_insert_after
 .text.list_remove_head
                0x00000d90       0x2e hal/utils/src/utils_list.o
                0x00000d90                list_remove_head
 *fill*         0x00000dbe        0x2 
 .text._get_cycles_for_us_internal
                0x00000dc0      0x124 hpl/core/hpl_core_m0plus_base.o
 .text._get_cycles_for_ms_internal
                0x00000ee4      0x118 hpl/core/hpl_core_m0plus_base.o
 .text._get_cycles_for_ms
                0x00000ffc       0x2c hpl/core/hpl_core_m0plus_base.o
                0x00000ffc                _get_cycles_for_ms
 .text._delay_cycles
                0x00001028       0x16 hpl/core/hpl_core_m0plus_base.o
                0x00001028                _delay_cycles
 .text.hri_nvmctrl_set_CTRLB_RWS_bf
                0x0000103e       0x24 hpl/core/hpl_init.o
 *fill*         0x00001062        0x2 
 .text._init_chip
                0x00001064       0x50 hpl/core/hpl_init.o
                0x00001064                _init_chip
 .text.hri_gclk_wait_for_sync
                0x000010b4       0x1e hpl/gclk/hpl_gclk.o
 *fill*         0x000010d2        0x2 
 .text.hri_gclk_write_GENCTRL_reg
                0x000010d4       0x40 hpl/gclk/hpl_gclk.o
 .text._gclk_init_generators_by_fref
                0x00001114       0x30 hpl/gclk/hpl_gclk.o
                0x00001114                _gclk_init_generators_by_fref
 .text.hri_mclk_write_CPUDIV_reg
                0x00001144       0x1e hpl/mclk/hpl_mclk.o
 .text.hri_mclk_write_LPDIV_reg
                0x00001162       0x1e hpl/mclk/hpl_mclk.o
 .text.hri_mclk_write_BUPDIV_reg
                0x00001180       0x1e hpl/mclk/hpl_mclk.o
 *fill*         0x0000119e        0x2 
 .text._mclk_init
                0x000011a0       0x40 hpl/mclk/hpl_mclk.o
                0x000011a0                _mclk_init
 .text.hri_osc32kctrl_write_RTCCTRL_reg
                0x000011e0       0x18 hpl/osc32kctrl/hpl_osc32kctrl.o
 .text.hri_osc32kctrl_read_OSCULP32K_CALIB_bf
                0x000011f8       0x22 hpl/osc32kctrl/hpl_osc32kctrl.o
 .text.hri_osc32kctrl_write_OSCULP32K_reg
                0x0000121a       0x18 hpl/osc32kctrl/hpl_osc32kctrl.o
 *fill*         0x00001232        0x2 
 .text._osc32kctrl_init_sources
                0x00001234       0x58 hpl/osc32kctrl/hpl_osc32kctrl.o
                0x00001234                _osc32kctrl_init_sources
 .text.hri_oscctrl_wait_for_sync
                0x0000128c       0x2c hpl/oscctrl/hpl_oscctrl.o
 .text.hri_oscctrl_get_STATUS_OSC16MRDY_bit
                0x000012b8       0x20 hpl/oscctrl/hpl_oscctrl.o
 .text.hri_oscctrl_set_OSC16MCTRL_ONDEMAND_bit
                0x000012d8       0x30 hpl/oscctrl/hpl_oscctrl.o
 .text.hri_oscctrl_write_OSC16MCTRL_reg
                0x00001308       0x2c hpl/oscctrl/hpl_oscctrl.o
 .text._oscctrl_init_sources
                0x00001334       0x4c hpl/oscctrl/hpl_oscctrl.o
                0x00001334                _oscctrl_init_sources
 .text._oscctrl_init_referenced_generators
                0x00001380       0x1c hpl/oscctrl/hpl_oscctrl.o
                0x00001380                _oscctrl_init_referenced_generators
 .text.hri_pm_read_INTFLAG_reg
                0x0000139c       0x16 hpl/pm/hpl_pm.o
 .text.hri_pm_clear_INTFLAG_reg
                0x000013b2       0x1e hpl/pm/hpl_pm.o
 .text.hri_pm_get_PLCFG_PLSEL_bf
                0x000013d0       0x3e hpl/pm/hpl_pm.o
 .text.hri_pm_write_PLCFG_PLSEL_bf
                0x0000140e       0x52 hpl/pm/hpl_pm.o
 .text._set_performance_level
                0x00001460       0x68 hpl/pm/hpl_pm.o
                0x00001460                _set_performance_level
 .text.hri_sercomi2cm_wait_for_sync
                0x000014c8       0x1e hpl/sercom/hpl_sercom.o
 .text.hri_sercomi2cm_is_syncing
                0x000014e6       0x20 hpl/sercom/hpl_sercom.o
 .text.hri_sercomi2cm_clear_interrupt_MB_bit
                0x00001506       0x16 hpl/sercom/hpl_sercom.o
 .text.hri_sercomi2cm_clear_interrupt_SB_bit
                0x0000151c       0x16 hpl/sercom/hpl_sercom.o
 .text.hri_sercomi2cm_read_INTFLAG_reg
                0x00001532       0x16 hpl/sercom/hpl_sercom.o
 .text.hri_sercomi2cm_set_CTRLA_ENABLE_bit
                0x00001548       0x2c hpl/sercom/hpl_sercom.o
 .text.hri_sercomi2cm_clear_CTRLA_ENABLE_bit
                0x00001574       0x2c hpl/sercom/hpl_sercom.o
 .text.hri_sercomi2cm_get_CTRLA_SCLSM_bit
                0x000015a0       0x28 hpl/sercom/hpl_sercom.o
 .text.hri_sercomi2cm_get_CTRLA_reg
                0x000015c8       0x30 hpl/sercom/hpl_sercom.o
 .text.hri_sercomi2cm_write_CTRLA_reg
                0x000015f8       0x28 hpl/sercom/hpl_sercom.o
 .text.hri_sercomi2cm_set_CTRLB_SMEN_bit
                0x00001620       0x2c hpl/sercom/hpl_sercom.o
 .text.hri_sercomi2cm_clear_CTRLB_SMEN_bit
                0x0000164c       0x30 hpl/sercom/hpl_sercom.o
 .text.hri_sercomi2cm_set_CTRLB_ACKACT_bit
                0x0000167c       0x2c hpl/sercom/hpl_sercom.o
 .text.hri_sercomi2cm_clear_CTRLB_ACKACT_bit
                0x000016a8       0x30 hpl/sercom/hpl_sercom.o
 .text.hri_sercomi2cm_set_CTRLB_CMD_bf
                0x000016d8       0x34 hpl/sercom/hpl_sercom.o
 .text.hri_sercomi2cm_write_CTRLB_reg
                0x0000170c       0x28 hpl/sercom/hpl_sercom.o
 .text.hri_sercomi2cm_write_BAUD_reg
                0x00001734       0x18 hpl/sercom/hpl_sercom.o
 .text.hri_sercomi2cm_write_ADDR_HS_bit
                0x0000174c       0x4c hpl/sercom/hpl_sercom.o
 .text.hri_sercomi2cm_write_ADDR_reg
                0x00001798       0x28 hpl/sercom/hpl_sercom.o
 .text.hri_sercomi2cm_read_ADDR_reg
                0x000017c0       0x24 hpl/sercom/hpl_sercom.o
 .text.hri_sercomi2cm_write_DATA_reg
                0x000017e4       0x30 hpl/sercom/hpl_sercom.o
 .text.hri_sercomi2cm_read_DATA_reg
                0x00001814       0x28 hpl/sercom/hpl_sercom.o
 .text.hri_sercomi2cm_read_STATUS_BUSSTATE_bf
                0x0000183c       0x30 hpl/sercom/hpl_sercom.o
 .text.hri_sercomi2cm_read_STATUS_reg
                0x0000186c       0x24 hpl/sercom/hpl_sercom.o
 .text.hri_sercomi2cm_clear_STATUS_reg
                0x00001890       0x2c hpl/sercom/hpl_sercom.o
 .text._sercom_get_hardware_index
                0x000018bc       0x30 hpl/sercom/hpl_sercom.o
 .text._get_i2cm_index
                0x000018ec       0x8c hpl/sercom/hpl_sercom.o
 .text._sercom_i2c_send_stop
                0x00001978       0x20 hpl/sercom/hpl_sercom.o
 .text._sercom_i2c_sync_analyse_flags
                0x00001998      0x264 hpl/sercom/hpl_sercom.o
 .text._i2c_m_sync_init
                0x00001bfc       0x48 hpl/sercom/hpl_sercom.o
                0x00001bfc                _i2c_m_sync_init
 .text._i2c_m_sync_enable
                0x00001c44       0x40 hpl/sercom/hpl_sercom.o
                0x00001c44                _i2c_m_sync_enable
 .text._sercom_i2c_sync_wait_bus
                0x00001c84       0x5c hpl/sercom/hpl_sercom.o
 .text._sercom_i2c_sync_send_address
                0x00001ce0      0x140 hpl/sercom/hpl_sercom.o
 .text._i2c_m_sync_transfer
                0x00001e20      0x13c hpl/sercom/hpl_sercom.o
                0x00001e20                _i2c_m_sync_transfer
 .text._i2c_m_enable_implementation
                0x00001f5c       0x90 hpl/sercom/hpl_sercom.o
 .text._i2c_m_sync_init_impl
                0x00001fec      0x174 hpl/sercom/hpl_sercom.o
 .text.__NVIC_EnableIRQ
                0x00002160       0x34 hpl/tc/hpl_tc.o
 .text.__NVIC_DisableIRQ
                0x00002194       0x40 hpl/tc/hpl_tc.o
 .text.__NVIC_ClearPendingIRQ
                0x000021d4       0x38 hpl/tc/hpl_tc.o
 .text.hri_tc_wait_for_sync
                0x0000220c       0x1e hpl/tc/hpl_tc.o
 .text.hri_tc_is_syncing
                0x0000222a       0x20 hpl/tc/hpl_tc.o
 .text.hri_tc_get_interrupt_OVF_bit
                0x0000224a       0x22 hpl/tc/hpl_tc.o
 .text.hri_tc_clear_interrupt_OVF_bit
                0x0000226c       0x16 hpl/tc/hpl_tc.o
 .text.hri_tc_set_INTEN_OVF_bit
                0x00002282       0x16 hpl/tc/hpl_tc.o
 .text.hri_tc_clear_CTRLA_ENABLE_bit
                0x00002298       0x2c hpl/tc/hpl_tc.o
 .text.hri_tc_get_CTRLA_reg
                0x000022c4       0x30 hpl/tc/hpl_tc.o
 .text.hri_tc_write_CTRLA_reg
                0x000022f4       0x28 hpl/tc/hpl_tc.o
 .text.hri_tc_write_EVCTRL_reg
                0x0000231c       0x1e hpl/tc/hpl_tc.o
 .text.hri_tc_write_WAVE_reg
                0x0000233a       0x1e hpl/tc/hpl_tc.o
 .text.hri_tc_write_DBGCTRL_reg
                0x00002358       0x1e hpl/tc/hpl_tc.o
 *fill*         0x00002376        0x2 
 .text.hri_tccount8_write_PER_reg
                0x00002378       0x2c hpl/tc/hpl_tc.o
 .text.hri_tccount8_write_CC_reg
                0x000023a4       0x3c hpl/tc/hpl_tc.o
 .text.hri_tccount16_write_CC_reg
                0x000023e0       0x44 hpl/tc/hpl_tc.o
 .text.hri_tccount32_write_CC_reg
                0x00002424       0x3c hpl/tc/hpl_tc.o
 .text._timer_init
                0x00002460      0x314 hpl/tc/hpl_tc.o
                0x00002460                _timer_init
 .text._tc_get_timer
                0x00002774        0xc hpl/tc/hpl_tc.o
                0x00002774                _tc_get_timer
 .text.tc_interrupt_handler
                0x00002780       0x3c hpl/tc/hpl_tc.o
 .text.TC0_Handler
                0x000027bc       0x1c hpl/tc/hpl_tc.o
                0x000027bc                TC0_Handler
 .text.get_tc_index
                0x000027d8       0x8c hpl/tc/hpl_tc.o
 .text._tc_init_irq_param
                0x00002864       0x28 hpl/tc/hpl_tc.o
 .text._get_hardware_offset
                0x0000288c       0x30 hpl/tc/hpl_tc.o
 .text.main     0x000028bc       0x50 main.o
                0x000028bc                main
 .text.fm24cl16b_construct
                0x0000290c       0x44 memory/fm24cl16b/fm24cl16b.o
                0x0000290c                fm24cl16b_construct
 .text.fm24cl16b_read
                0x00002950       0x12 memory/fm24cl16b/fm24cl16b.o
                0x00002950                fm24cl16b_read
 .text.fm24cl16b_write
                0x00002962       0x12 memory/fm24cl16b/fm24cl16b.o
                0x00002962                fm24cl16b_write
 .text.memory_construct
                0x00002974       0x22 memory/memory.o
                0x00002974                memory_construct
 .text.memory_read
                0x00002996       0x2e memory/memory.o
                0x00002996                memory_read
 .text.memory_init
                0x000029c4       0x40 memory_main.o
                0x000029c4                memory_init
 .text.mcp980X_construct
                0x00002a04       0x48 temperature_sensor/mcp980x/mcp980x.o
                0x00002a04                mcp980X_construct
 .text.mcp980x_read
                0x00002a4c       0xc8 temperature_sensor/mcp980x/mcp980x.o
                0x00002a4c                mcp980x_read
 .text.mcp980x_config
                0x00002b14       0xa0 temperature_sensor/mcp980x/mcp980x.o
                0x00002b14                mcp980x_config
 .text._mcp980x_set_setup
                0x00002bb4      0x1c0 temperature_sensor/mcp980x/mcp980x.o
                0x00002bb4                _mcp980x_set_setup
 .text._mcp980x_set_tupper
                0x00002d74      0x1dc temperature_sensor/mcp980x/mcp980x.o
                0x00002d74                _mcp980x_set_tupper
 .text._mcp980x_set_lower
                0x00002f50      0x1dc temperature_sensor/mcp980x/mcp980x.o
                0x00002f50                _mcp980x_set_lower
 .text._mcp980x_set_critical
                0x0000312c      0x1dc temperature_sensor/mcp980x/mcp980x.o
                0x0000312c                _mcp980x_set_critical
 .text._mcp980x_set_resolution
                0x00003308       0xa0 temperature_sensor/mcp980x/mcp980x.o
                0x00003308                _mcp980x_set_resolution
 .text.temperature_sensor_construct
                0x000033a8       0x22 temperature_sensor/temperature_sensor.o
                0x000033a8                temperature_sensor_construct
 .text.temperature_sensor_read
                0x000033ca       0x1e temperature_sensor/temperature_sensor.o
                0x000033ca                temperature_sensor_read
 .text.temperature_sensors_init
                0x000033e8       0x38 temperature_sensor_main.o
                0x000033e8                temperature_sensors_init
 .text          0x00003420      0x114 c:/program files (x86)/atmel/studio/7.0/toolchain/arm/arm-gnu-toolchain/bin/../lib/gcc/arm-none-eabi/6.3.1/thumb/v6-m\libgcc.a(_udivsi3.o)
                0x00003420                __aeabi_uidiv
                0x00003420                __udivsi3
                0x0000352c                __aeabi_uidivmod
 .text          0x00003534        0x4 c:/program files (x86)/atmel/studio/7.0/toolchain/arm/arm-gnu-toolchain/bin/../lib/gcc/arm-none-eabi/6.3.1/thumb/v6-m\libgcc.a(_dvmd_tls.o)
                0x00003534                __aeabi_idiv0
                0x00003534                __aeabi_ldiv0
 .text          0x00003538      0x240 c:/program files (x86)/atmel/studio/7.0/toolchain/arm/arm-gnu-toolchain/bin/../lib/gcc/arm-none-eabi/6.3.1/thumb/v6-m\libgcc.a(mulsf3.o)
                0x00003538                __aeabi_fmul
 .text          0x00003778      0x338 c:/program files (x86)/atmel/studio/7.0/toolchain/arm/arm-gnu-toolchain/bin/../lib/gcc/arm-none-eabi/6.3.1/thumb/v6-m\libgcc.a(subsf3.o)
                0x00003778                __aeabi_fsub
 .text          0x00003ab0       0x40 c:/program files (x86)/atmel/studio/7.0/toolchain/arm/arm-gnu-toolchain/bin/../lib/gcc/arm-none-eabi/6.3.1/thumb/v6-m\libgcc.a(fixsfsi.o)
                0x00003ab0                __aeabi_f2iz
 .text          0x00003af0       0xa0 c:/program files (x86)/atmel/studio/7.0/toolchain/arm/arm-gnu-toolchain/bin/../lib/gcc/arm-none-eabi/6.3.1/thumb/v6-m\libgcc.a(floatsisf.o)
                0x00003af0                __aeabi_i2f
 .text          0x00003b90      0x500 c:/program files (x86)/atmel/studio/7.0/toolchain/arm/arm-gnu-toolchain/bin/../lib/gcc/arm-none-eabi/6.3.1/thumb/v6-m\libgcc.a(muldf3.o)
                0x00003b90                __aeabi_dmul
 .text          0x00004090       0x84 c:/program files (x86)/atmel/studio/7.0/toolchain/arm/arm-gnu-toolchain/bin/../lib/gcc/arm-none-eabi/6.3.1/thumb/v6-m\libgcc.a(floatsidf.o)
                0x00004090                __aeabi_i2d
 .text          0x00004114      0x114 c:/program files (x86)/atmel/studio/7.0/toolchain/arm/arm-gnu-toolchain/bin/../lib/gcc/arm-none-eabi/6.3.1/thumb/v6-m\libgcc.a(truncdfsf2.o)
                0x00004114                __aeabi_d2f
 .text          0x00004228       0x3c c:/program files (x86)/atmel/studio/7.0/toolchain/arm/arm-gnu-toolchain/bin/../lib/gcc/arm-none-eabi/6.3.1/thumb/v6-m\libgcc.a(_clzsi2.o)
                0x00004228                __clzsi2
 .text.__libc_init_array
                0x00004264       0x48 c:/program files (x86)/atmel/studio/7.0/toolchain/arm/arm-gnu-toolchain/bin/../lib/gcc/arm-none-eabi/6.3.1/../../../../arm-none-eabi/lib/thumb/v6-m\libc_nano.a(lib_a-init.o)
                0x00004264                __libc_init_array
 .text.memset   0x000042ac       0x10 c:/program files (x86)/atmel/studio/7.0/toolchain/arm/arm-gnu-toolchain/bin/../lib/gcc/arm-none-eabi/6.3.1/../../../../arm-none-eabi/lib/thumb/v6-m\libc_nano.a(lib_a-memset.o)
                0x000042ac                memset
 *(.glue_7t)
 .glue_7t       0x000042bc        0x0 linker stubs
 *(.glue_7)
 .glue_7        0x000042bc        0x0 linker stubs
 *(.rodata .rodata* .gnu.linkonce.r.*)
 .rodata        0x000042bc       0x1c driver_init.o
 .rodata        0x000042d8       0x1c hal/src/hal_i2c_m_sync.o
 .rodata        0x000042f4       0x14 hal/src/hal_io.o
 .rodata        0x00004308       0x17 hal/src/hal_timer.o
 *fill*         0x0000431f        0x1 
 .rodata        0x00004320       0x1e hal/utils/src/utils_list.o
 *fill*         0x0000433e        0x2 
 .rodata        0x00004340       0x4c hpl/core/hpl_core_m0plus_base.o
 .rodata        0x0000438c       0x2d hpl/sercom/hpl_sercom.o
 *fill*         0x000043b9        0x3 
 .rodata        0x000043bc       0x13 hpl/tc/hpl_tc.o
 *fill*         0x000043cf        0x1 
 .rodata        0x000043d0        0x8 memory/fm24cl16b/fm24cl16b.o
 .rodata        0x000043d8        0x8 temperature_sensor/mcp980x/mcp980x.o
 .rodata        0x000043e0       0x40 c:/program files (x86)/atmel/studio/7.0/toolchain/arm/arm-gnu-toolchain/bin/../lib/gcc/arm-none-eabi/6.3.1/thumb/v6-m\libgcc.a(mulsf3.o)
 .rodata        0x00004420       0x40 c:/program files (x86)/atmel/studio/7.0/toolchain/arm/arm-gnu-toolchain/bin/../lib/gcc/arm-none-eabi/6.3.1/thumb/v6-m\libgcc.a(muldf3.o)
 *(.ARM.extab* .gnu.linkonce.armextab.*)
                0x00004460                . = ALIGN (0x4)
 *(.init)
 .init          0x00004460        0x4 c:/program files (x86)/atmel/studio/7.0/toolchain/arm/arm-gnu-toolchain/bin/../lib/gcc/arm-none-eabi/6.3.1/thumb/v6-m/crti.o
                0x00004460                _init
 .init          0x00004464        0x8 c:/program files (x86)/atmel/studio/7.0/toolchain/arm/arm-gnu-toolchain/bin/../lib/gcc/arm-none-eabi/6.3.1/thumb/v6-m/crtn.o
                0x0000446c                . = ALIGN (0x4)
                0x0000446c                __preinit_array_start = .
 *(.preinit_array)
                0x0000446c                __preinit_array_end = .
                0x0000446c                . = ALIGN (0x4)
                0x0000446c                __init_array_start = .
 *(SORT(.init_array.*))
 *(.init_array)
 .init_array    0x0000446c        0x4 c:/program files (x86)/atmel/studio/7.0/toolchain/arm/arm-gnu-toolchain/bin/../lib/gcc/arm-none-eabi/6.3.1/thumb/v6-m/crtbegin.o
                0x00004470                __init_array_end = .
                0x00004470                . = ALIGN (0x4)
 *crtbegin.o(.ctors)
 *(EXCLUDE_FILE(*crtend.o) .ctors)
 *(SORT(.ctors.*))
 *crtend.o(.ctors)
                0x00004470                . = ALIGN (0x4)
 *(.fini)
 .fini          0x00004470        0x4 c:/program files (x86)/atmel/studio/7.0/toolchain/arm/arm-gnu-toolchain/bin/../lib/gcc/arm-none-eabi/6.3.1/thumb/v6-m/crti.o
                0x00004470                _fini
 .fini          0x00004474        0x8 c:/program files (x86)/atmel/studio/7.0/toolchain/arm/arm-gnu-toolchain/bin/../lib/gcc/arm-none-eabi/6.3.1/thumb/v6-m/crtn.o
                0x0000447c                . = ALIGN (0x4)
                0x0000447c                __fini_array_start = .
 *(.fini_array)
 .fini_array    0x0000447c        0x4 c:/program files (x86)/atmel/studio/7.0/toolchain/arm/arm-gnu-toolchain/bin/../lib/gcc/arm-none-eabi/6.3.1/thumb/v6-m/crtbegin.o
 *(SORT(.fini_array.*))
                0x00004480                __fini_array_end = .
 *crtbegin.o(.dtors)
 *(EXCLUDE_FILE(*crtend.o) .dtors)
 *(SORT(.dtors.*))
 *crtend.o(.dtors)
                0x00004480                . = ALIGN (0x4)
                0x00004480                _efixed = .
                [!provide]                PROVIDE (__exidx_start, .)

.vfp11_veneer   0x00004480        0x0
 .vfp11_veneer  0x00004480        0x0 linker stubs

.v4_bx          0x00004480        0x0
 .v4_bx         0x00004480        0x0 linker stubs

.iplt           0x00004480        0x0
 .iplt          0x00004480        0x0 c:/program files (x86)/atmel/studio/7.0/toolchain/arm/arm-gnu-toolchain/bin/../lib/gcc/arm-none-eabi/6.3.1/thumb/v6-m/crtbegin.o

.eh_frame       0x00004480        0x0
 .eh_frame      0x00004480        0x0 c:/program files (x86)/atmel/studio/7.0/toolchain/arm/arm-gnu-toolchain/bin/../lib/gcc/arm-none-eabi/6.3.1/thumb/v6-m/crtbegin.o

.rel.dyn        0x00004480        0x0
 .rel.iplt      0x00004480        0x0 c:/program files (x86)/atmel/studio/7.0/toolchain/arm/arm-gnu-toolchain/bin/../lib/gcc/arm-none-eabi/6.3.1/thumb/v6-m/crtbegin.o

.jcr            0x00004480        0x0
 .jcr           0x00004480        0x0 c:/program files (x86)/atmel/studio/7.0/toolchain/arm/arm-gnu-toolchain/bin/../lib/gcc/arm-none-eabi/6.3.1/thumb/v6-m/crtbegin.o

.igot.plt       0x00004480        0x0
 .igot.plt      0x00004480        0x0 c:/program files (x86)/atmel/studio/7.0/toolchain/arm/arm-gnu-toolchain/bin/../lib/gcc/arm-none-eabi/6.3.1/thumb/v6-m/crtbegin.o

.ARM.exidx
 *(.ARM.exidx* .gnu.linkonce.armexidx.*)
                [!provide]                PROVIDE (__exidx_end, .)
                0x00004480                . = ALIGN (0x4)
                0x00004480                _etext = .

.relocate       0x20000000       0x2c load address 0x00004480
                0x20000000                . = ALIGN (0x4)
                0x20000000                _srelocate = .
 *(.ramfunc .ramfunc.*)
 *(.data .data.*)
 .data          0x20000000       0x18 hpl/sercom/hpl_sercom.o
 .data          0x20000018       0x14 hpl/tc/hpl_tc.o
                0x2000002c                . = ALIGN (0x4)
                0x2000002c                _erelocate = .

.lpram          0x30000000        0x0
                0x30000000                . = ALIGN (0x8)
                0x30000000                _slpram = .
 *(.lpram .lpram.*)
                0x30000000                . = ALIGN (0x8)
                0x30000000                _elpram = .

.bss            0x2000002c       0x78 load address 0x000044ac
                0x2000002c                . = ALIGN (0x4)
                0x2000002c                _sbss = .
                0x2000002c                _szero = .
 *(.bss .bss.*)
 .bss           0x2000002c       0x1c c:/program files (x86)/atmel/studio/7.0/toolchain/arm/arm-gnu-toolchain/bin/../lib/gcc/arm-none-eabi/6.3.1/thumb/v6-m/crtbegin.o
 .bss           0x20000048        0x4 hal/src/hal_delay.o
 .bss           0x2000004c        0x4 hpl/tc/hpl_tc.o
 .bss           0x20000050        0x8 memory_main.o
 .bss           0x20000058        0x8 temperature_sensor_main.o
 *(COMMON)
 COMMON         0x20000060       0x3c driver_init.o
                0x20000060                I2C_0
                0x20000080                TIMER_0
 COMMON         0x2000009c        0x4 memory_main.o
                0x2000009c                Memory_1
 COMMON         0x200000a0        0x4 temperature_sensor_main.o
                0x200000a0                TEMPERATURE_SENSOR
                0x200000a4                . = ALIGN (0x4)
                0x200000a4                _ebss = .
                0x200000a4                _ezero = .

.stack          0x200000a4     0x2004 load address 0x00004524
                0x200000a8                . = ALIGN (0x8)
 *fill*         0x200000a4        0x4 
                0x200000a8                _sstack = .
                0x200020a8                . = (. + STACK_SIZE)
 *fill*         0x200000a8     0x2000 
                0x200020a8                . = ALIGN (0x8)
                0x200020a8                _estack = .
                0x200020a8                . = ALIGN (0x4)
                0x200020a8                _end = .
OUTPUT(cube_sat_fram_v_0.1.elf elf32-littlearm)

.ARM.attributes
                0x00000000       0x28
 .ARM.attributes
                0x00000000       0x1e c:/program files (x86)/atmel/studio/7.0/toolchain/arm/arm-gnu-toolchain/bin/../lib/gcc/arm-none-eabi/6.3.1/thumb/v6-m/crti.o
 .ARM.attributes
                0x0000001e       0x2c c:/program files (x86)/atmel/studio/7.0/toolchain/arm/arm-gnu-toolchain/bin/../lib/gcc/arm-none-eabi/6.3.1/thumb/v6-m/crtbegin.o
 .ARM.attributes
                0x0000004a       0x32 atmel_start.o
 .ARM.attributes
                0x0000007c       0x32 Device_Startup/startup_saml21.o
 .ARM.attributes
                0x000000ae       0x32 driver_init.o
 .ARM.attributes
                0x000000e0       0x32 hal/src/hal_delay.o
 .ARM.attributes
                0x00000112       0x32 hal/src/hal_i2c_m_sync.o
 .ARM.attributes
                0x00000144       0x32 hal/src/hal_io.o
 .ARM.attributes
                0x00000176       0x32 hal/src/hal_timer.o
 .ARM.attributes
                0x000001a8       0x32 hal/utils/src/utils_assert.o
 .ARM.attributes
                0x000001da       0x32 hal/utils/src/utils_list.o
 .ARM.attributes
                0x0000020c       0x32 hpl/core/hpl_core_m0plus_base.o
 .ARM.attributes
                0x0000023e       0x32 hpl/core/hpl_init.o
 .ARM.attributes
                0x00000270       0x32 hpl/gclk/hpl_gclk.o
 .ARM.attributes
                0x000002a2       0x32 hpl/mclk/hpl_mclk.o
 .ARM.attributes
                0x000002d4       0x32 hpl/osc32kctrl/hpl_osc32kctrl.o
 .ARM.attributes
                0x00000306       0x32 hpl/oscctrl/hpl_oscctrl.o
 .ARM.attributes
                0x00000338       0x32 hpl/pm/hpl_pm.o
 .ARM.attributes
                0x0000036a       0x32 hpl/sercom/hpl_sercom.o
 .ARM.attributes
                0x0000039c       0x32 hpl/tc/hpl_tc.o
 .ARM.attributes
                0x000003ce       0x32 main.o
 .ARM.attributes
                0x00000400       0x32 memory/fm24cl16b/fm24cl16b.o
 .ARM.attributes
                0x00000432       0x32 memory/memory.o
 .ARM.attributes
                0x00000464       0x32 memory_main.o
 .ARM.attributes
                0x00000496       0x32 temperature_sensor/mcp980x/mcp980x.o
 .ARM.attributes
                0x000004c8       0x32 temperature_sensor/temperature_sensor.o
 .ARM.attributes
                0x000004fa       0x32 temperature_sensor_main.o
 .ARM.attributes
                0x0000052c       0x1e c:/program files (x86)/atmel/studio/7.0/toolchain/arm/arm-gnu-toolchain/bin/../lib/gcc/arm-none-eabi/6.3.1/thumb/v6-m\libgcc.a(_udivsi3.o)
 .ARM.attributes
                0x0000054a       0x1e c:/program files (x86)/atmel/studio/7.0/toolchain/arm/arm-gnu-toolchain/bin/../lib/gcc/arm-none-eabi/6.3.1/thumb/v6-m\libgcc.a(_dvmd_tls.o)
 .ARM.attributes
                0x00000568       0x2c c:/program files (x86)/atmel/studio/7.0/toolchain/arm/arm-gnu-toolchain/bin/../lib/gcc/arm-none-eabi/6.3.1/thumb/v6-m\libgcc.a(mulsf3.o)
 .ARM.attributes
                0x00000594       0x2c c:/program files (x86)/atmel/studio/7.0/toolchain/arm/arm-gnu-toolchain/bin/../lib/gcc/arm-none-eabi/6.3.1/thumb/v6-m\libgcc.a(subsf3.o)
 .ARM.attributes
                0x000005c0       0x2c c:/program files (x86)/atmel/studio/7.0/toolchain/arm/arm-gnu-toolchain/bin/../lib/gcc/arm-none-eabi/6.3.1/thumb/v6-m\libgcc.a(fixsfsi.o)
 .ARM.attributes
                0x000005ec       0x2c c:/program files (x86)/atmel/studio/7.0/toolchain/arm/arm-gnu-toolchain/bin/../lib/gcc/arm-none-eabi/6.3.1/thumb/v6-m\libgcc.a(floatsisf.o)
 .ARM.attributes
                0x00000618       0x2c c:/program files (x86)/atmel/studio/7.0/toolchain/arm/arm-gnu-toolchain/bin/../lib/gcc/arm-none-eabi/6.3.1/thumb/v6-m\libgcc.a(muldf3.o)
 .ARM.attributes
                0x00000644       0x2c c:/program files (x86)/atmel/studio/7.0/toolchain/arm/arm-gnu-toolchain/bin/../lib/gcc/arm-none-eabi/6.3.1/thumb/v6-m\libgcc.a(floatsidf.o)
 .ARM.attributes
                0x00000670       0x2c c:/program files (x86)/atmel/studio/7.0/toolchain/arm/arm-gnu-toolchain/bin/../lib/gcc/arm-none-eabi/6.3.1/thumb/v6-m\libgcc.a(truncdfsf2.o)
 .ARM.attributes
                0x0000069c       0x1e c:/program files (x86)/atmel/studio/7.0/toolchain/arm/arm-gnu-toolchain/bin/../lib/gcc/arm-none-eabi/6.3.1/thumb/v6-m\libgcc.a(_clzsi2.o)
 .ARM.attributes
                0x000006ba       0x2c c:/program files (x86)/atmel/studio/7.0/toolchain/arm/arm-gnu-toolchain/bin/../lib/gcc/arm-none-eabi/6.3.1/../../../../arm-none-eabi/lib/thumb/v6-m\libc_nano.a(lib_a-init.o)
 .ARM.attributes
                0x000006e6       0x2c c:/program files (x86)/atmel/studio/7.0/toolchain/arm/arm-gnu-toolchain/bin/../lib/gcc/arm-none-eabi/6.3.1/../../../../arm-none-eabi/lib/thumb/v6-m\libc_nano.a(lib_a-memset.o)
 .ARM.attributes
                0x00000712       0x1e c:/program files (x86)/atmel/studio/7.0/toolchain/arm/arm-gnu-toolchain/bin/../lib/gcc/arm-none-eabi/6.3.1/thumb/v6-m/crtn.o

.comment        0x00000000       0x59
 .comment       0x00000000       0x59 atmel_start.o
                                 0x5a (size before relaxing)
 .comment       0x00000059       0x5a Device_Startup/startup_saml21.o
 .comment       0x00000059       0x5a driver_init.o
 .comment       0x00000059       0x5a hal/src/hal_delay.o
 .comment       0x00000059       0x5a hal/src/hal_i2c_m_sync.o
 .comment       0x00000059       0x5a hal/src/hal_io.o
 .comment       0x00000059       0x5a hal/src/hal_timer.o
 .comment       0x00000059       0x5a hal/utils/src/utils_assert.o
 .comment       0x00000059       0x5a hal/utils/src/utils_list.o
 .comment       0x00000059       0x5a hpl/core/hpl_core_m0plus_base.o
 .comment       0x00000059       0x5a hpl/core/hpl_init.o
 .comment       0x00000059       0x5a hpl/gclk/hpl_gclk.o
 .comment       0x00000059       0x5a hpl/mclk/hpl_mclk.o
 .comment       0x00000059       0x5a hpl/osc32kctrl/hpl_osc32kctrl.o
 .comment       0x00000059       0x5a hpl/oscctrl/hpl_oscctrl.o
 .comment       0x00000059       0x5a hpl/pm/hpl_pm.o
 .comment       0x00000059       0x5a hpl/sercom/hpl_sercom.o
 .comment       0x00000059       0x5a hpl/tc/hpl_tc.o
 .comment       0x00000059       0x5a main.o
 .comment       0x00000059       0x5a memory/fm24cl16b/fm24cl16b.o
 .comment       0x00000059       0x5a memory/memory.o
 .comment       0x00000059       0x5a memory_main.o
 .comment       0x00000059       0x5a temperature_sensor/mcp980x/mcp980x.o
 .comment       0x00000059       0x5a temperature_sensor/temperature_sensor.o
 .comment       0x00000059       0x5a temperature_sensor_main.o

.debug_info     0x00000000    0x1881c
 .debug_info    0x00000000      0x3e7 atmel_start.o
 .debug_info    0x000003e7      0xa2a Device_Startup/startup_saml21.o
 .debug_info    0x00000e11     0x4a5d driver_init.o
 .debug_info    0x0000586e      0x1c4 hal/src/hal_delay.o
 .debug_info    0x00005a32      0x776 hal/src/hal_i2c_m_sync.o
 .debug_info    0x000061a8      0x255 hal/src/hal_io.o
 .debug_info    0x000063fd      0x987 hal/src/hal_timer.o
 .debug_info    0x00006d84      0x10b hal/utils/src/utils_assert.o
 .debug_info    0x00006e8f      0x2d1 hal/utils/src/utils_list.o
 .debug_info    0x00007160      0x82f hpl/core/hpl_core_m0plus_base.o
 .debug_info    0x0000798f      0x6b8 hpl/core/hpl_init.o
 .debug_info    0x00008047      0x530 hpl/gclk/hpl_gclk.o
 .debug_info    0x00008577      0x9f1 hpl/mclk/hpl_mclk.o
 .debug_info    0x00008f68      0x5fa hpl/osc32kctrl/hpl_osc32kctrl.o
 .debug_info    0x00009562      0xe24 hpl/oscctrl/hpl_oscctrl.o
 .debug_info    0x0000a386      0xa67 hpl/pm/hpl_pm.o
 .debug_info    0x0000aded     0x80a8 hpl/sercom/hpl_sercom.o
 .debug_info    0x00012e95     0x22b5 hpl/tc/hpl_tc.o
 .debug_info    0x0001514a      0xfd4 main.o
 .debug_info    0x0001611e      0x41e memory/fm24cl16b/fm24cl16b.o
 .debug_info    0x0001653c      0x281 memory/memory.o
 .debug_info    0x000167bd      0xdf5 memory_main.o
 .debug_info    0x000175b2      0xa18 temperature_sensor/mcp980x/mcp980x.o
 .debug_info    0x00017fca      0x249 temperature_sensor/temperature_sensor.o
 .debug_info    0x00018213      0x609 temperature_sensor_main.o

.debug_abbrev   0x00000000     0x2975
 .debug_abbrev  0x00000000       0xea atmel_start.o
 .debug_abbrev  0x000000ea      0x1d7 Device_Startup/startup_saml21.o
 .debug_abbrev  0x000002c1      0x2c2 driver_init.o
 .debug_abbrev  0x00000583       0xca hal/src/hal_delay.o
 .debug_abbrev  0x0000064d      0x153 hal/src/hal_i2c_m_sync.o
 .debug_abbrev  0x000007a0       0xfe hal/src/hal_io.o
 .debug_abbrev  0x0000089e      0x1bf hal/src/hal_timer.o
 .debug_abbrev  0x00000a5d       0x86 hal/utils/src/utils_assert.o
 .debug_abbrev  0x00000ae3      0x101 hal/utils/src/utils_list.o
 .debug_abbrev  0x00000be4      0x277 hpl/core/hpl_core_m0plus_base.o
 .debug_abbrev  0x00000e5b      0x1a6 hpl/core/hpl_init.o
 .debug_abbrev  0x00001001      0x168 hpl/gclk/hpl_gclk.o
 .debug_abbrev  0x00001169      0x1ab hpl/mclk/hpl_mclk.o
 .debug_abbrev  0x00001314      0x18d hpl/osc32kctrl/hpl_osc32kctrl.o
 .debug_abbrev  0x000014a1      0x1d4 hpl/oscctrl/hpl_oscctrl.o
 .debug_abbrev  0x00001675      0x235 hpl/pm/hpl_pm.o
 .debug_abbrev  0x000018aa      0x3bf hpl/sercom/hpl_sercom.o
 .debug_abbrev  0x00001c69      0x394 hpl/tc/hpl_tc.o
 .debug_abbrev  0x00001ffd      0x1d0 main.o
 .debug_abbrev  0x000021cd      0x10a memory/fm24cl16b/fm24cl16b.o
 .debug_abbrev  0x000022d7       0xf9 memory/memory.o
 .debug_abbrev  0x000023d0      0x1d4 memory_main.o
 .debug_abbrev  0x000025a4      0x1c9 temperature_sensor/mcp980x/mcp980x.o
 .debug_abbrev  0x0000276d      0x102 temperature_sensor/temperature_sensor.o
 .debug_abbrev  0x0000286f      0x106 temperature_sensor_main.o

.debug_loc      0x00000000     0x63f2
 .debug_loc     0x00000000       0x2c atmel_start.o
 .debug_loc     0x0000002c       0x64 Device_Startup/startup_saml21.o
 .debug_loc     0x00000090      0x450 driver_init.o
 .debug_loc     0x000004e0       0xd4 hal/src/hal_delay.o
 .debug_loc     0x000005b4      0x304 hal/src/hal_i2c_m_sync.o
 .debug_loc     0x000008b8       0x9c hal/src/hal_io.o
 .debug_loc     0x00000954      0x2cc hal/src/hal_timer.o
 .debug_loc     0x00000c20       0x38 hal/utils/src/utils_assert.o
 .debug_loc     0x00000c58      0x150 hal/utils/src/utils_list.o
 .debug_loc     0x00000da8      0x430 hpl/core/hpl_core_m0plus_base.o
 .debug_loc     0x000011d8       0x64 hpl/core/hpl_init.o
 .debug_loc     0x0000123c       0xd4 hpl/gclk/hpl_gclk.o
 .debug_loc     0x00001310       0xe0 hpl/mclk/hpl_mclk.o
 .debug_loc     0x000013f0       0xe0 hpl/osc32kctrl/hpl_osc32kctrl.o
 .debug_loc     0x000014d0      0x150 hpl/oscctrl/hpl_oscctrl.o
 .debug_loc     0x00001620      0x1ec hpl/pm/hpl_pm.o
 .debug_loc     0x0000180c     0x3f02 hpl/sercom/hpl_sercom.o
 .debug_loc     0x0000570e      0x89c hpl/tc/hpl_tc.o
 .debug_loc     0x00005faa       0x38 main.o
 .debug_loc     0x00005fe2       0xa8 memory/fm24cl16b/fm24cl16b.o
 .debug_loc     0x0000608a       0xa8 memory/memory.o
 .debug_loc     0x00006132       0x2c memory_main.o
 .debug_loc     0x0000615e      0x1c0 temperature_sensor/mcp980x/mcp980x.o
 .debug_loc     0x0000631e       0xa8 temperature_sensor/temperature_sensor.o
 .debug_loc     0x000063c6       0x2c temperature_sensor_main.o

.debug_aranges  0x00000000     0x10c8
 .debug_aranges
                0x00000000       0x20 atmel_start.o
 .debug_aranges
                0x00000020       0x28 Device_Startup/startup_saml21.o
 .debug_aranges
                0x00000048       0xc0 driver_init.o
 .debug_aranges
                0x00000108       0x38 hal/src/hal_delay.o
 .debug_aranges
                0x00000140       0x88 hal/src/hal_i2c_m_sync.o
 .debug_aranges
                0x000001c8       0x30 hal/src/hal_io.o
 .debug_aranges
                0x000001f8       0x80 hal/src/hal_timer.o
 .debug_aranges
                0x00000278       0x20 hal/utils/src/utils_assert.o
 .debug_aranges
                0x00000298       0x48 hal/utils/src/utils_list.o
 .debug_aranges
                0x000002e0       0xb8 hpl/core/hpl_core_m0plus_base.o
 .debug_aranges
                0x00000398       0x28 hpl/core/hpl_init.o
 .debug_aranges
                0x000003c0       0x38 hpl/gclk/hpl_gclk.o
 .debug_aranges
                0x000003f8       0x38 hpl/mclk/hpl_mclk.o
 .debug_aranges
                0x00000430       0x38 hpl/osc32kctrl/hpl_osc32kctrl.o
 .debug_aranges
                0x00000468       0x48 hpl/oscctrl/hpl_oscctrl.o
 .debug_aranges
                0x000004b0       0x60 hpl/pm/hpl_pm.o
 .debug_aranges
                0x00000510      0x918 hpl/sercom/hpl_sercom.o
 .debug_aranges
                0x00000e28      0x158 hpl/tc/hpl_tc.o
 .debug_aranges
                0x00000f80       0x20 main.o
 .debug_aranges
                0x00000fa0       0x30 memory/fm24cl16b/fm24cl16b.o
 .debug_aranges
                0x00000fd0       0x30 memory/memory.o
 .debug_aranges
                0x00001000       0x20 memory_main.o
 .debug_aranges
                0x00001020       0x58 temperature_sensor/mcp980x/mcp980x.o
 .debug_aranges
                0x00001078       0x30 temperature_sensor/temperature_sensor.o
 .debug_aranges
                0x000010a8       0x20 temperature_sensor_main.o

.debug_ranges   0x00000000      0xf50
 .debug_ranges  0x00000000       0x10 atmel_start.o
 .debug_ranges  0x00000010       0x18 Device_Startup/startup_saml21.o
 .debug_ranges  0x00000028       0xb0 driver_init.o
 .debug_ranges  0x000000d8       0x28 hal/src/hal_delay.o
 .debug_ranges  0x00000100       0x78 hal/src/hal_i2c_m_sync.o
 .debug_ranges  0x00000178       0x20 hal/src/hal_io.o
 .debug_ranges  0x00000198       0x88 hal/src/hal_timer.o
 .debug_ranges  0x00000220       0x10 hal/utils/src/utils_assert.o
 .debug_ranges  0x00000230       0x38 hal/utils/src/utils_list.o
 .debug_ranges  0x00000268       0xa8 hpl/core/hpl_core_m0plus_base.o
 .debug_ranges  0x00000310       0x18 hpl/core/hpl_init.o
 .debug_ranges  0x00000328       0x28 hpl/gclk/hpl_gclk.o
 .debug_ranges  0x00000350       0x28 hpl/mclk/hpl_mclk.o
 .debug_ranges  0x00000378       0x28 hpl/osc32kctrl/hpl_osc32kctrl.o
 .debug_ranges  0x000003a0       0x38 hpl/oscctrl/hpl_oscctrl.o
 .debug_ranges  0x000003d8       0x50 hpl/pm/hpl_pm.o
 .debug_ranges  0x00000428      0x908 hpl/sercom/hpl_sercom.o
 .debug_ranges  0x00000d30      0x148 hpl/tc/hpl_tc.o
 .debug_ranges  0x00000e78       0x10 main.o
 .debug_ranges  0x00000e88       0x20 memory/fm24cl16b/fm24cl16b.o
 .debug_ranges  0x00000ea8       0x20 memory/memory.o
 .debug_ranges  0x00000ec8       0x10 memory_main.o
 .debug_ranges  0x00000ed8       0x48 temperature_sensor/mcp980x/mcp980x.o
 .debug_ranges  0x00000f20       0x20 temperature_sensor/temperature_sensor.o
 .debug_ranges  0x00000f40       0x10 temperature_sensor_main.o

.debug_macro    0x00000000    0x1bd36
 .debug_macro   0x00000000      0x5c5 atmel_start.o
 .debug_macro   0x000005c5      0x89e atmel_start.o
 .debug_macro   0x00000e63      0x16d atmel_start.o
 .debug_macro   0x00000fd0       0x22 atmel_start.o
 .debug_macro   0x00000ff2       0x87 atmel_start.o
 .debug_macro   0x00001079       0x51 atmel_start.o
 .debug_macro   0x000010ca       0xef atmel_start.o
 .debug_macro   0x000011b9       0x6a atmel_start.o
 .debug_macro   0x00001223      0x1df atmel_start.o
 .debug_macro   0x00001402       0x22 atmel_start.o
 .debug_macro   0x00001424       0x3f atmel_start.o
 .debug_macro   0x00001463       0x1c atmel_start.o
 .debug_macro   0x0000147f       0x22 atmel_start.o
 .debug_macro   0x000014a1       0xb5 atmel_start.o
 .debug_macro   0x00001556      0x3ad atmel_start.o
 .debug_macro   0x00001903      0x714 atmel_start.o
 .debug_macro   0x00002017      0x8f0 atmel_start.o
 .debug_macro   0x00002907      0x279 atmel_start.o
 .debug_macro   0x00002b80      0x21e atmel_start.o
 .debug_macro   0x00002d9e      0x4c3 atmel_start.o
 .debug_macro   0x00003261      0xe12 atmel_start.o
 .debug_macro   0x00004073      0x5e7 atmel_start.o
 .debug_macro   0x0000465a      0x5be atmel_start.o
 .debug_macro   0x00004c18      0x824 atmel_start.o
 .debug_macro   0x0000543c      0x314 atmel_start.o
 .debug_macro   0x00005750      0x5c6 atmel_start.o
 .debug_macro   0x00005d16      0x21c atmel_start.o
 .debug_macro   0x00005f32      0x729 atmel_start.o
 .debug_macro   0x0000665b      0x16f atmel_start.o
 .debug_macro   0x000067ca      0x70f atmel_start.o
 .debug_macro   0x00006ed9      0x28c atmel_start.o
 .debug_macro   0x00007165      0x6e1 atmel_start.o
 .debug_macro   0x00007846      0x2c5 atmel_start.o
 .debug_macro   0x00007b0b      0x3c1 atmel_start.o
 .debug_macro   0x00007ecc      0x1a0 atmel_start.o
 .debug_macro   0x0000806c     0x1260 atmel_start.o
 .debug_macro   0x000092cc      0xf4d atmel_start.o
 .debug_macro   0x0000a219      0x866 atmel_start.o
 .debug_macro   0x0000aa7f      0x8ae atmel_start.o
 .debug_macro   0x0000b32d     0x19be atmel_start.o
 .debug_macro   0x0000cceb       0xe7 atmel_start.o
 .debug_macro   0x0000cdd2     0x13e6 atmel_start.o
 .debug_macro   0x0000e1b8      0x36a atmel_start.o
 .debug_macro   0x0000e522       0x7c atmel_start.o
 .debug_macro   0x0000e59e       0xac atmel_start.o
 .debug_macro   0x0000e64a       0xca atmel_start.o
 .debug_macro   0x0000e714       0x4c atmel_start.o
 .debug_macro   0x0000e760       0x94 atmel_start.o
 .debug_macro   0x0000e7f4       0xdc atmel_start.o
 .debug_macro   0x0000e8d0       0xb2 atmel_start.o
 .debug_macro   0x0000e982       0x64 atmel_start.o
 .debug_macro   0x0000e9e6      0x5a4 atmel_start.o
 .debug_macro   0x0000ef8a      0x19d atmel_start.o
 .debug_macro   0x0000f127       0x70 atmel_start.o
 .debug_macro   0x0000f197       0xa0 atmel_start.o
 .debug_macro   0x0000f237       0xc4 atmel_start.o
 .debug_macro   0x0000f2fb       0x28 atmel_start.o
 .debug_macro   0x0000f323       0xa0 atmel_start.o
 .debug_macro   0x0000f3c3       0x40 atmel_start.o
 .debug_macro   0x0000f403       0x7c atmel_start.o
 .debug_macro   0x0000f47f       0x40 atmel_start.o
 .debug_macro   0x0000f4bf      0x16c atmel_start.o
 .debug_macro   0x0000f62b       0x10 atmel_start.o
 .debug_macro   0x0000f63b       0x34 atmel_start.o
 .debug_macro   0x0000f66f       0xee atmel_start.o
 .debug_macro   0x0000f75d      0x12b atmel_start.o
 .debug_macro   0x0000f888      0x12b atmel_start.o
 .debug_macro   0x0000f9b3      0x12b atmel_start.o
 .debug_macro   0x0000fade      0x12b atmel_start.o
 .debug_macro   0x0000fc09      0x12b atmel_start.o
 .debug_macro   0x0000fd34      0x12b atmel_start.o
 .debug_macro   0x0000fe5f       0x5e atmel_start.o
 .debug_macro   0x0000febd       0xfa atmel_start.o
 .debug_macro   0x0000ffb7       0xfa atmel_start.o
 .debug_macro   0x000100b1       0xfa atmel_start.o
 .debug_macro   0x000101ab      0x124 atmel_start.o
 .debug_macro   0x000102cf       0xfa atmel_start.o
 .debug_macro   0x000103c9       0xee atmel_start.o
 .debug_macro   0x000104b7       0x2e atmel_start.o
 .debug_macro   0x000104e5      0x40f atmel_start.o
 .debug_macro   0x000108f4       0x3a atmel_start.o
 .debug_macro   0x0001092e      0x410 atmel_start.o
 .debug_macro   0x00010d3e     0x134f atmel_start.o
 .debug_macro   0x0001208d       0x90 atmel_start.o
 .debug_macro   0x0001211d       0x10 atmel_start.o
 .debug_macro   0x0001212d       0x10 atmel_start.o
 .debug_macro   0x0001213d       0x16 atmel_start.o
 .debug_macro   0x00012153       0x16 atmel_start.o
 .debug_macro   0x00012169       0x16 atmel_start.o
 .debug_macro   0x0001217f       0x16 atmel_start.o
 .debug_macro   0x00012195       0x16 atmel_start.o
 .debug_macro   0x000121ab       0x16 atmel_start.o
 .debug_macro   0x000121c1       0x16 atmel_start.o
 .debug_macro   0x000121d7       0x16 atmel_start.o
 .debug_macro   0x000121ed       0x16 atmel_start.o
 .debug_macro   0x00012203       0x16 atmel_start.o
 .debug_macro   0x00012219       0x16 atmel_start.o
 .debug_macro   0x0001222f       0x16 atmel_start.o
 .debug_macro   0x00012245       0x16 atmel_start.o
 .debug_macro   0x0001225b       0x16 atmel_start.o
 .debug_macro   0x00012271       0x16 atmel_start.o
 .debug_macro   0x00012287       0x16 atmel_start.o
 .debug_macro   0x0001229d       0x16 atmel_start.o
 .debug_macro   0x000122b3       0x16 atmel_start.o
 .debug_macro   0x000122c9       0x16 atmel_start.o
 .debug_macro   0x000122df      0x2e0 atmel_start.o
 .debug_macro   0x000125bf       0x94 atmel_start.o
 .debug_macro   0x00012653       0x16 atmel_start.o
 .debug_macro   0x00012669       0xbe atmel_start.o
 .debug_macro   0x00012727      0x28c atmel_start.o
 .debug_macro   0x000129b3       0x16 atmel_start.o
 .debug_macro   0x000129c9      0x4d8 atmel_start.o
 .debug_macro   0x00012ea1       0x16 atmel_start.o
 .debug_macro   0x00012eb7       0xca atmel_start.o
 .debug_macro   0x00012f81       0x1c atmel_start.o
 .debug_macro   0x00012f9d       0x16 atmel_start.o
 .debug_macro   0x00012fb3       0x74 atmel_start.o
 .debug_macro   0x00013027       0x46 atmel_start.o
 .debug_macro   0x0001306d       0x70 atmel_start.o
 .debug_macro   0x000130dd      0x360 Device_Startup/startup_saml21.o
 .debug_macro   0x0001343d       0x39 Device_Startup/startup_saml21.o
 .debug_macro   0x00013476      0x5ce driver_init.o
 .debug_macro   0x00013a44       0x34 driver_init.o
 .debug_macro   0x00013a78       0xc9 driver_init.o
 .debug_macro   0x00013b41      0x4f6 hal/src/hal_delay.o
 .debug_macro   0x00014037      0x4ff hal/src/hal_i2c_m_sync.o
 .debug_macro   0x00014536       0x6a hal/src/hal_i2c_m_sync.o
 .debug_macro   0x000145a0      0x4d7 hal/src/hal_io.o
 .debug_macro   0x00014a77      0x50a hal/src/hal_timer.o
 .debug_macro   0x00014f81      0x4cd hal/utils/src/utils_assert.o
 .debug_macro   0x0001544e       0x10 hal/utils/src/utils_assert.o
 .debug_macro   0x0001545e      0x4d1 hal/utils/src/utils_list.o
 .debug_macro   0x0001592f      0x51e hpl/core/hpl_core_m0plus_base.o
 .debug_macro   0x00015e4d      0x542 hpl/core/hpl_init.o
 .debug_macro   0x0001638f       0x28 hpl/core/hpl_init.o
 .debug_macro   0x000163b7      0x772 hpl/core/hpl_init.o
 .debug_macro   0x00016b29      0x4da hpl/gclk/hpl_gclk.o
 .debug_macro   0x00017003      0x1f4 hpl/gclk/hpl_gclk.o
 .debug_macro   0x000171f7      0x4d6 hpl/mclk/hpl_mclk.o
 .debug_macro   0x000176cd      0x4d1 hpl/osc32kctrl/hpl_osc32kctrl.o
 .debug_macro   0x00017b9e       0xa4 hpl/osc32kctrl/hpl_osc32kctrl.o
 .debug_macro   0x00017c42      0x4d1 hpl/oscctrl/hpl_oscctrl.o
 .debug_macro   0x00018113      0x18c hpl/oscctrl/hpl_oscctrl.o
 .debug_macro   0x0001829f      0x4dc hpl/pm/hpl_pm.o
 .debug_macro   0x0001877b      0x720 hpl/sercom/hpl_sercom.o
 .debug_macro   0x00018e9b       0x5f hpl/sercom/hpl_sercom.o
 .debug_macro   0x00018efa       0x10 hpl/sercom/hpl_sercom.o
 .debug_macro   0x00018f0a       0x1c hpl/sercom/hpl_sercom.o
 .debug_macro   0x00018f26       0x22 hpl/sercom/hpl_sercom.o
 .debug_macro   0x00018f48       0x10 hpl/sercom/hpl_sercom.o
 .debug_macro   0x00018f58      0x545 hpl/tc/hpl_tc.o
 .debug_macro   0x0001949d       0x10 hpl/tc/hpl_tc.o
 .debug_macro   0x000194ad       0x83 hpl/tc/hpl_tc.o
 .debug_macro   0x00019530      0x6f4 main.o
 .debug_macro   0x00019c24       0x10 main.o
 .debug_macro   0x00019c34       0x4c main.o
 .debug_macro   0x00019c80       0x10 main.o
 .debug_macro   0x00019c90       0x10 main.o
 .debug_macro   0x00019ca0      0x4fa memory/fm24cl16b/fm24cl16b.o
 .debug_macro   0x0001a19a      0x4c8 memory/memory.o
 .debug_macro   0x0001a662      0x6a6 memory_main.o
 .debug_macro   0x0001ad08       0x22 memory_main.o
 .debug_macro   0x0001ad2a      0x50a temperature_sensor/mcp980x/mcp980x.o
 .debug_macro   0x0001b234       0x46 temperature_sensor/mcp980x/mcp980x.o
 .debug_macro   0x0001b27a      0x4c8 temperature_sensor/temperature_sensor.o
 .debug_macro   0x0001b742      0x5f4 temperature_sensor_main.o

.debug_line     0x00000000    0x137cc
 .debug_line    0x00000000      0xb8e atmel_start.o
 .debug_line    0x00000b8e      0x764 Device_Startup/startup_saml21.o
 .debug_line    0x000012f2      0xd56 driver_init.o
 .debug_line    0x00002048      0xa76 hal/src/hal_delay.o
 .debug_line    0x00002abe      0xb80 hal/src/hal_i2c_m_sync.o
 .debug_line    0x0000363e      0xa73 hal/src/hal_io.o
 .debug_line    0x000040b1      0xc43 hal/src/hal_timer.o
 .debug_line    0x00004cf4      0xa14 hal/utils/src/utils_assert.o
 .debug_line    0x00005708      0xaae hal/utils/src/utils_list.o
 .debug_line    0x000061b6      0xc71 hpl/core/hpl_core_m0plus_base.o
 .debug_line    0x00006e27      0xafe hpl/core/hpl_init.o
 .debug_line    0x00007925      0xa7f hpl/gclk/hpl_gclk.o
 .debug_line    0x000083a4      0xa6d hpl/mclk/hpl_mclk.o
 .debug_line    0x00008e11      0xa7a hpl/osc32kctrl/hpl_osc32kctrl.o
 .debug_line    0x0000988b      0xaa7 hpl/oscctrl/hpl_oscctrl.o
 .debug_line    0x0000a332      0xacd hpl/pm/hpl_pm.o
 .debug_line    0x0000adff     0x2a93 hpl/sercom/hpl_sercom.o
 .debug_line    0x0000d892      0xe0c hpl/tc/hpl_tc.o
 .debug_line    0x0000e69e      0xd69 main.o
 .debug_line    0x0000f407      0xa80 memory/fm24cl16b/fm24cl16b.o
 .debug_line    0x0000fe87      0xa24 memory/memory.o
 .debug_line    0x000108ab      0xc59 memory_main.o
 .debug_line    0x00011504      0xc1e temperature_sensor/mcp980x/mcp980x.o
 .debug_line    0x00012122      0xa48 temperature_sensor/temperature_sensor.o
 .debug_line    0x00012b6a      0xc62 temperature_sensor_main.o

.debug_str      0x00000000    0x8a92d
 .debug_str     0x00000000    0x7cb59 atmel_start.o
                              0x7d09a (size before relaxing)
 .debug_str     0x0007cb59      0x520 Device_Startup/startup_saml21.o
                              0x74ca2 (size before relaxing)
 .debug_str     0x0007d079     0x16af driver_init.o
                              0x7e84c (size before relaxing)
 .debug_str     0x0007e728       0xb6 hal/src/hal_delay.o
                              0x7c6a2 (size before relaxing)
 .debug_str     0x0007e7de      0x170 hal/src/hal_i2c_m_sync.o
                              0x7cf3b (size before relaxing)
 .debug_str     0x0007e94e       0x3d hal/src/hal_io.o
                              0x7c6e5 (size before relaxing)
 .debug_str     0x0007e98b      0x305 hal/src/hal_timer.o
                              0x7cf77 (size before relaxing)
 .debug_str     0x0007ec90       0x2a hal/utils/src/utils_assert.o
                              0x7c648 (size before relaxing)
 .debug_str     0x0007ecba       0x31 hal/utils/src/utils_list.o
                              0x7c6f2 (size before relaxing)
 .debug_str     0x0007eceb      0x2f8 hpl/core/hpl_core_m0plus_base.o
                              0x7d07f (size before relaxing)
 .debug_str     0x0007efe3     0x19b7 hpl/core/hpl_init.o
                              0x7e7c7 (size before relaxing)
 .debug_str     0x0008099a      0x81b hpl/gclk/hpl_gclk.o
                              0x7cf7d (size before relaxing)
 .debug_str     0x000811b5       0xa5 hpl/mclk/hpl_mclk.o
                              0x7cb50 (size before relaxing)
 .debug_str     0x0008125a      0x47f hpl/osc32kctrl/hpl_osc32kctrl.o
                              0x7ca9f (size before relaxing)
 .debug_str     0x000816d9      0x8e8 hpl/oscctrl/hpl_oscctrl.o
                              0x7cf82 (size before relaxing)
 .debug_str     0x00081fc1      0x367 hpl/pm/hpl_pm.o
                              0x7ca00 (size before relaxing)
 .debug_str     0x00082328     0x4904 hpl/sercom/hpl_sercom.o
                              0x821e5 (size before relaxing)
 .debug_str     0x00086c2c      0xa22 hpl/tc/hpl_tc.o
                              0x7ddca (size before relaxing)
 .debug_str     0x0008764e     0x2fd0 main.o
                              0x80106 (size before relaxing)
 .debug_str     0x0008a61e       0x7d memory/fm24cl16b/fm24cl16b.o
                              0x7c8d9 (size before relaxing)
 .debug_str     0x0008a69b       0x4c memory/memory.o
                              0x7c643 (size before relaxing)
 .debug_str     0x0008a6e7       0x3a memory_main.o
                              0x7fde2 (size before relaxing)
 .debug_str     0x0008a721      0x190 temperature_sensor/mcp980x/mcp980x.o
                              0x7cc5e (size before relaxing)
 .debug_str     0x0008a8b1       0x44 temperature_sensor/temperature_sensor.o
                              0x7c6a7 (size before relaxing)
 .debug_str     0x0008a8f5       0x38 temperature_sensor_main.o
                              0x7d3f4 (size before relaxing)

.debug_frame    0x00000000     0x3ccc
 .debug_frame   0x00000000       0x2c atmel_start.o
 .debug_frame   0x0000002c       0x4c Device_Startup/startup_saml21.o
 .debug_frame   0x00000078      0x2a0 driver_init.o
 .debug_frame   0x00000318       0x8c hal/src/hal_delay.o
 .debug_frame   0x000003a4      0x1cc hal/src/hal_i2c_m_sync.o
 .debug_frame   0x00000570       0x6c hal/src/hal_io.o
 .debug_frame   0x000005dc      0x1ac hal/src/hal_timer.o
 .debug_frame   0x00000788       0x30 hal/utils/src/utils_assert.o
 .debug_frame   0x000007b8       0xd0 hal/utils/src/utils_list.o
 .debug_frame   0x00000888      0x280 hpl/core/hpl_core_m0plus_base.o
 .debug_frame   0x00000b08       0x4c hpl/core/hpl_init.o
 .debug_frame   0x00000b54       0x8c hpl/gclk/hpl_gclk.o
 .debug_frame   0x00000be0       0x90 hpl/mclk/hpl_mclk.o
 .debug_frame   0x00000c70       0x90 hpl/osc32kctrl/hpl_osc32kctrl.o
 .debug_frame   0x00000d00       0xd0 hpl/oscctrl/hpl_oscctrl.o
 .debug_frame   0x00000dd0      0x12c hpl/pm/hpl_pm.o
 .debug_frame   0x00000efc     0x241c hpl/sercom/hpl_sercom.o
 .debug_frame   0x00003318      0x504 hpl/tc/hpl_tc.o
 .debug_frame   0x0000381c       0x30 main.o
 .debug_frame   0x0000384c       0x70 memory/fm24cl16b/fm24cl16b.o
 .debug_frame   0x000038bc       0x70 memory/memory.o
 .debug_frame   0x0000392c       0x30 memory_main.o
 .debug_frame   0x0000395c      0x110 temperature_sensor/mcp980x/mcp980x.o
 .debug_frame   0x00003a6c       0x70 temperature_sensor/temperature_sensor.o
 .debug_frame   0x00003adc       0x2c temperature_sensor_main.o
 .debug_frame   0x00003b08       0x20 c:/program files (x86)/atmel/studio/7.0/toolchain/arm/arm-gnu-toolchain/bin/../lib/gcc/arm-none-eabi/6.3.1/thumb/v6-m\libgcc.a(_udivsi3.o)
 .debug_frame   0x00003b28       0x3c c:/program files (x86)/atmel/studio/7.0/toolchain/arm/arm-gnu-toolchain/bin/../lib/gcc/arm-none-eabi/6.3.1/thumb/v6-m\libgcc.a(mulsf3.o)
 .debug_frame   0x00003b64       0x38 c:/program files (x86)/atmel/studio/7.0/toolchain/arm/arm-gnu-toolchain/bin/../lib/gcc/arm-none-eabi/6.3.1/thumb/v6-m\libgcc.a(subsf3.o)
 .debug_frame   0x00003b9c       0x20 c:/program files (x86)/atmel/studio/7.0/toolchain/arm/arm-gnu-toolchain/bin/../lib/gcc/arm-none-eabi/6.3.1/thumb/v6-m\libgcc.a(fixsfsi.o)
 .debug_frame   0x00003bbc       0x2c c:/program files (x86)/atmel/studio/7.0/toolchain/arm/arm-gnu-toolchain/bin/../lib/gcc/arm-none-eabi/6.3.1/thumb/v6-m\libgcc.a(floatsisf.o)
 .debug_frame   0x00003be8       0x3c c:/program files (x86)/atmel/studio/7.0/toolchain/arm/arm-gnu-toolchain/bin/../lib/gcc/arm-none-eabi/6.3.1/thumb/v6-m\libgcc.a(muldf3.o)
 .debug_frame   0x00003c24       0x2c c:/program files (x86)/atmel/studio/7.0/toolchain/arm/arm-gnu-toolchain/bin/../lib/gcc/arm-none-eabi/6.3.1/thumb/v6-m\libgcc.a(floatsidf.o)
 .debug_frame   0x00003c50       0x30 c:/program files (x86)/atmel/studio/7.0/toolchain/arm/arm-gnu-toolchain/bin/../lib/gcc/arm-none-eabi/6.3.1/thumb/v6-m\libgcc.a(truncdfsf2.o)
 .debug_frame   0x00003c80       0x2c c:/program files (x86)/atmel/studio/7.0/toolchain/arm/arm-gnu-toolchain/bin/../lib/gcc/arm-none-eabi/6.3.1/../../../../arm-none-eabi/lib/thumb/v6-m\libc_nano.a(lib_a-init.o)
 .debug_frame   0x00003cac       0x20 c:/program files (x86)/atmel/studio/7.0/toolchain/arm/arm-gnu-toolchain/bin/../lib/gcc/arm-none-eabi/6.3.1/../../../../arm-none-eabi/lib/thumb/v6-m\libc_nano.a(lib_a-memset.o)
